2025-07-11 01:41:32 | test_negative_zero.csv | 'Amount' column has negative or zero values
2025-07-11 01:41:32 | test_enum_violation.csv | Invalid enum values in 'Region' column
2025-07-11 01:41:32 | test_invalid_dates.csv | Missing values in fields: Trade_Date
2025-07-11 01:41:33 | test_cross_field.csv | Cross-field violation: Trade_Date > Settlement_Date
2025-07-11 01:41:33 | test_type_mismatch.csv | Invalid characters found in 'Account_ID' (only A-Z, a-z, 0-9 allowed)
2025-07-11 01:41:33 | test_duplicates.csv | Duplicate rows found in file
2025-07-11 01:41:33 | test_missing_fields.csv | Missing values in fields: Trade_ID
2025-07-11 01:41:33 | test_missing_columns.csv | Missing column: Trade_Date, Settlement_Date, Amount
2025-07-11 02:16:18 | test_negative_zero.csv | 'Amount' column has negative or zero values
2025-07-11 02:16:19 | test_enum_violation.csv | Invalid enum values in 'Region' column
2025-07-11 02:16:19 | test_invalid_dates.csv | Missing values in fields: Trade_Date
2025-07-11 02:16:20 | test_cross_field.csv | Cross-field violation: Trade_Date > Settlement_Date
2025-07-11 02:16:20 | test_type_mismatch.csv | Invalid characters found in 'Account_ID' (only A-Z, a-z, 0-9 allowed)
2025-07-11 02:16:21 | test_duplicates.csv | Duplicate rows found in file
2025-07-11 02:16:21 | test_missing_fields.csv | Missing values in fields: Trade_ID
2025-07-11 02:16:22 | test_missing_columns.csv | Missing column: Trade_Date, Settlement_Date, Amount
2025-07-11 02:18:10 | test_negative_zero.csv | 'Amount' column has negative or zero values
2025-07-11 02:18:10 | test_enum_violation.csv | Invalid enum values in 'Region' column
2025-07-11 02:18:11 | test_invalid_dates.csv | Missing values in fields: Trade_Date
2025-07-11 02:18:11 | test_cross_field.csv | Cross-field violation: Trade_Date > Settlement_Date
2025-07-11 02:18:12 | test_type_mismatch.csv | Invalid characters found in 'Account_ID' (only A-Z, a-z, 0-9 allowed)
2025-07-11 02:18:12 | test_duplicates.csv | Duplicate rows found in file
2025-07-11 02:18:13 | test_missing_fields.csv | Missing values in fields: Trade_ID
2025-07-11 02:18:13 | test_missing_columns.csv | Missing column: Trade_Date, Settlement_Date, Amount
2025-07-11 02:21:27 | ❌ ERROR in file 'test_negative_zero.csv': 'Amount' column has negative or zero values
2025-07-11 02:21:27 | ❌ ERROR in file 'test_enum_violation.csv': Invalid enum values in 'Region' column
2025-07-11 02:21:27 | ❌ ERROR in file 'test_invalid_dates.csv': Missing values in fields: Trade_Date
2025-07-11 02:21:27 | ❌ ERROR in file 'test_cross_field.csv': Cross-field violation: Trade_Date > Settlement_Date
2025-07-11 02:21:27 | ❌ ERROR in file 'test_type_mismatch.csv': Invalid characters found in 'Account_ID' (only A-Z, a-z, 0-9 allowed)
2025-07-11 02:21:27 | ❌ ERROR in file 'test_duplicates.csv': Duplicate rows found in file
2025-07-11 02:21:27 | ❌ ERROR in file 'test_missing_fields.csv': Missing values in fields: Trade_ID
2025-07-11 02:21:27 | ❌ ERROR in file 'test_missing_columns.csv': Missing column: Trade_Date, Settlement_Date, Amount
2025-07-11 02:23:47 | ❌ ERROR in file 'test_negative_zero.csv': 'Amount' column has negative or zero values
2025-07-11 02:23:47 | ❌ ERROR in file 'test_enum_violation.csv': Invalid enum values in 'Region' column
2025-07-11 02:23:47 | ❌ ERROR in file 'test_invalid_dates.csv': Missing values in fields: Trade_Date
2025-07-11 02:23:47 | ❌ ERROR in file 'test_cross_field.csv': Cross-field violation: Trade_Date > Settlement_Date
2025-07-11 02:23:47 | ❌ ERROR in file 'test_type_mismatch.csv': Invalid characters found in 'Account_ID' (only A-Z, a-z, 0-9 allowed)
2025-07-11 02:23:47 | ❌ ERROR in file 'test_duplicates.csv': Duplicate rows found in file
2025-07-11 02:23:47 | ❌ ERROR in file 'test_missing_fields.csv': Missing values in fields: Trade_ID
2025-07-11 02:23:47 | ❌ ERROR in file 'test_missing_columns.csv': Missing column: Trade_Date, Settlement_Date, Amount
2025-07-11 02:24:11 | ❌ ERROR in file 'test_negative_zero.csv': 'Amount' column has negative or zero values
2025-07-11 02:24:11 | ❌ ERROR in file 'test_enum_violation.csv': Invalid enum values in 'Region' column
2025-07-11 02:24:11 | ❌ ERROR in file 'test_invalid_dates.csv': Missing values in fields: Trade_Date
2025-07-11 02:24:11 | ❌ ERROR in file 'test_cross_field.csv': Cross-field violation: Trade_Date > Settlement_Date
2025-07-11 02:24:11 | ❌ ERROR in file 'test_type_mismatch.csv': Invalid characters found in 'Account_ID' (only A-Z, a-z, 0-9 allowed)
2025-07-11 02:24:11 | ❌ ERROR in file 'test_duplicates.csv': Duplicate rows found in file
2025-07-11 02:24:11 | ❌ ERROR in file 'test_missing_fields.csv': Missing values in fields: Trade_ID
2025-07-11 02:24:11 | ❌ ERROR in file 'test_missing_columns.csv': Missing column: Trade_Date, Settlement_Date, Amount
2025-07-11 02:24:59 | ❌ ERROR in file 'test_negative_zero.csv': 'Amount' column has negative or zero values
2025-07-11 02:24:59 | ❌ ERROR in file 'test_enum_violation.csv': Invalid enum values in 'Region' column
2025-07-11 02:24:59 | ❌ ERROR in file 'test_invalid_dates.csv': Missing values in fields: Trade_Date
2025-07-11 02:24:59 | ❌ ERROR in file 'test_cross_field.csv': Cross-field violation: Trade_Date > Settlement_Date
2025-07-11 02:24:59 | ❌ ERROR in file 'test_type_mismatch.csv': Invalid characters found in 'Account_ID' (only A-Z, a-z, 0-9 allowed)
2025-07-11 02:24:59 | ❌ ERROR in file 'test_duplicates.csv': Duplicate rows found in file
2025-07-11 02:24:59 | ❌ ERROR in file 'test_missing_fields.csv': Missing values in fields: Trade_ID
2025-07-11 02:24:59 | ❌ ERROR in file 'test_missing_columns.csv': Missing column: Trade_Date, Settlement_Date, Amount
2025-07-11 02:26:24 | ❌ ERROR in file 'test_negative_zero.csv': 'Amount' column has negative or zero values
2025-07-11 02:26:24 | ❌ ERROR in file 'test_enum_violation.csv': Invalid enum values in 'Region' column
2025-07-11 02:26:24 | ❌ ERROR in file 'test_invalid_dates.csv': Missing values in fields: Trade_Date
2025-07-11 02:26:24 | ❌ ERROR in file 'test_cross_field.csv': Cross-field violation: Trade_Date > Settlement_Date
2025-07-11 02:26:24 | ❌ ERROR in file 'test_type_mismatch.csv': Invalid characters found in 'Account_ID' (only A-Z, a-z, 0-9 allowed)
2025-07-11 02:26:24 | ❌ ERROR in file 'test_duplicates.csv': Duplicate rows found in file
2025-07-11 02:26:24 | ❌ ERROR in file 'test_missing_fields.csv': Missing values in fields: Trade_ID
2025-07-11 02:26:24 | ❌ ERROR in file 'test_missing_columns.csv': Missing column: Trade_Date, Settlement_Date, Amount
2025-07-11 02:29:44 | ❌ ERROR in file 'test_negative_zero.csv': 'Amount' column has negative or zero values
2025-07-11 02:29:44 | ❌ ERROR in file 'test_enum_violation.csv': Invalid enum values in 'Region' column
2025-07-11 02:29:44 | ❌ ERROR in file 'test_invalid_dates.csv': Missing values in fields: Trade_Date
2025-07-11 02:29:44 | ❌ ERROR in file 'test_cross_field.csv': Cross-field violation: Trade_Date > Settlement_Date
2025-07-11 02:29:44 | ❌ ERROR in file 'test_type_mismatch.csv': Invalid characters found in 'Account_ID' (only A-Z, a-z, 0-9 allowed)
2025-07-11 02:29:44 | ❌ ERROR in file 'test_duplicates.csv': Duplicate rows found in file
2025-07-11 02:29:44 | ❌ ERROR in file 'test_missing_fields.csv': Missing values in fields: Trade_ID
2025-07-11 02:33:20 | ❌ ERROR in file 'test_negative_zero.csv': 'Amount' column has negative or zero values
2025-07-11 02:33:20 | ❌ ERROR in file 'test_enum_violation.csv': Invalid enum values in 'Region' column
2025-07-11 02:33:20 | ❌ ERROR in file 'test_invalid_dates.csv': Missing values in fields: Trade_Date
2025-07-11 02:33:20 | ❌ ERROR in file 'test_cross_field.csv': Cross-field violation: Trade_Date > Settlement_Date
2025-07-11 02:33:20 | ❌ ERROR in file 'test_type_mismatch.csv': Invalid characters found in 'Account_ID' (only A-Z, a-z, 0-9 allowed)
2025-07-11 02:33:20 | ❌ ERROR in file 'test_duplicates.csv': Duplicate rows found in file
2025-07-11 02:33:20 | ❌ ERROR in file 'test_missing_fields.csv': Missing values in fields: Trade_ID
2025-07-11 03:19:27 | ❌ ERROR in file 'test_negative_zero.csv': 'Amount' column has negative or zero values
2025-07-11 03:19:27 | ❌ ERROR in file 'test_enum_violation.csv': Invalid enum values in 'Region' column
2025-07-11 03:19:27 | ❌ ERROR in file 'test_invalid_dates.csv': Missing values in fields: Trade_Date
2025-07-11 03:19:27 | ❌ ERROR in file 'test_cross_field.csv': Cross-field violation: Trade_Date > Settlement_Date
2025-07-11 03:19:27 | ❌ ERROR in file 'test_type_mismatch.csv': Invalid characters found in 'Account_ID' (only A-Z, a-z, 0-9 allowed)
2025-07-11 03:19:27 | ❌ ERROR in file 'test_duplicates.csv': Duplicate rows found in file
2025-07-11 03:19:27 | ❌ ERROR in file 'test_missing_fields.csv': Missing values in fields: Trade_ID
2025-07-11 03:22:50 | ❌ ERROR in file 'test_negative_zero.csv': 'Amount' column has negative or zero values
2025-07-11 03:22:50 | ❌ ERROR in file 'test_enum_violation.csv': Invalid enum values in 'Region' column
2025-07-11 03:22:50 | ❌ ERROR in file 'test_invalid_dates.csv': Missing values in fields: Trade_Date
2025-07-11 03:22:50 | ❌ ERROR in file 'test_cross_field.csv': Cross-field violation: Trade_Date > Settlement_Date
2025-07-11 03:22:50 | ❌ ERROR in file 'test_type_mismatch.csv': Invalid characters found in 'Account_ID' (only A-Z, a-z, 0-9 allowed)
2025-07-11 03:22:50 | ❌ ERROR in file 'test_duplicates.csv': Duplicate rows found in file
2025-07-11 03:22:50 | ❌ ERROR in file 'test_missing_fields.csv': Missing values in fields: Trade_ID
2025-07-11 03:26:01 | ❌ ERROR in file 'test_negative_zero.csv': 'Amount' column has negative or zero values
2025-07-11 03:26:01 | ❌ ERROR in file 'test_enum_violation.csv': Invalid enum values in 'Region' column
2025-07-11 03:26:01 | ❌ ERROR in file 'test_invalid_dates.csv': Missing values in fields: Trade_Date
2025-07-11 03:26:01 | ❌ ERROR in file 'test_cross_field.csv': Cross-field violation: Trade_Date > Settlement_Date
2025-07-11 03:26:01 | ❌ ERROR in file 'test_type_mismatch.csv': Invalid characters found in 'Account_ID' (only A-Z, a-z, 0-9 allowed)
2025-07-11 03:26:01 | ❌ ERROR in file 'test_duplicates.csv': Duplicate rows found in file
2025-07-11 03:26:01 | ❌ ERROR in file 'test_missing_fields.csv': Missing values in fields: Trade_ID
